// Jest Snapshot v1, https://goo.gl/fbAQLP

exports[`App should match the snapshot 1`] = `
<div
  className="App"
>
  <Header />
  <Switch>
    <Route
      component={[Function]}
      exact={true}
      path="/"
    />
    <Route
      exact={true}
      path="/search"
      render={[Function]}
    />
    <Route
      exact={true}
      path="/cities/:id"
      render={[Function]}
    />
    <Route
      component={[Function]}
    />
  </Switch>
</div>
`;
