// Jest Snapshot v1, https://goo.gl/fbAQLP

exports[`City should match the snapshot if data is passed down 1`] = `
<div>
  Loading, please wait...
</div>
`;

exports[`City should match the snapshot if there is no data 1`] = `
<div>
  Loading, please wait...
</div>
`;
