// Jest Snapshot v1, https://goo.gl/fbAQLP

exports[`Header should match the snapshot 1`] = `
<div
  className="header"
>
  <h1
    className="title"
  >
    ForeCast
  </h1>
</div>
`;
