// Jest Snapshot v1, https://goo.gl/fbAQLP

exports[`WeatherContainer should match the snapshot 1`] = `
<div
  className="weather-container"
>
  <City
    currentWeather={
      Object {
        "city": "Denver",
      }
    }
    key="23"
  />
</div>
`;
